../Core/Src/main.c:108:6:rgbColor	16	static
../Core/Src/main.c:115:7:tempCalibration	24	static
../Core/Src/main.c:121:6:refresh	24	static
../Core/Src/main.c:134:6:readTemperature	32	static
../Core/Src/main.c:189:6:RGB_LED	16	static
../Core/Src/main.c:204:6:displayContent	32	static
../Core/Src/main.c:219:5:main	40	static
../Core/Src/main.c:283:6:SystemClock_Config	96	static
../Core/Src/main.c:342:13:MX_ADC1_Init	32	static
../Core/Src/main.c:397:13:MX_SPI1_Init	8	static
../Core/Src/main.c:435:13:MX_TIM1_Init	112	static
../Core/Src/main.c:519:13:MX_USART2_UART_Init	8	static
../Core/Src/main.c:552:13:MX_GPIO_Init	40	static
../Core/Src/main.c:593:6:Error_Handler	4	static,ignoring_inline_asm
